// Jest Snapshot v1, https://goo.gl/fbAQLP

exports[`Input renders properly 1`] = `
<Control
  className="Control"
  renderAs="div"
>
  <Input
    autoComplete="off"
    className="Input test"
    disabled={false}
    isStatic={false}
    placeholder=""
    readOnly={false}
    type="text"
    value="foo"
  />
</Control>
`;
