// Jest Snapshot v1, https://goo.gl/fbAQLP

exports[`UserBasicInfo renders properly when user is not provided 1`] = `null`;

exports[`UserBasicInfo renders properly when user is provided 1`] = `
<div
  className="UserBasicInfo"
>
  <figure
    className="image UserBasicInfo__Picture"
  >
    <img
      alt="Pic"
      className=""
      onError={[Function]}
      src="test.com"
    />
  </figure>
  <div>
    <h1
      className="inverted title is-4"
    >
      John
    </h1>
  </div>
</div>
`;
