// Jest Snapshot v1, https://goo.gl/fbAQLP

exports[`Button renders properly 1`] = `
<Button
  className="test"
  disabled={false}
  fullwidth={false}
  inverted={false}
  isSelected={false}
  isStatic={false}
  loading={false}
  onClick={[Function]}
  outlined={false}
  remove={false}
  renderAs="button"
  reset={false}
  rounded={false}
  submit={false}
  text={false}
>
  Hello
</Button>
`;
